164
6 5 7 10 15 22 28
8 2 4 9 12 18 23 26 29
7 3 11 14 19 21 24 27
5 1 6 13 16 17
