119
4 1 5 13 19
6 2 7 10 12 14 20
4 4 6 15 17
6 3 8 9 11 16 18
