200
6 3 10 11 25 34 40
8 6 8 15 17 22 23 31 37
9 5 7 14 16 18 26 28 30 35
9 2 4 9 19 21 29 33 36 38
8 1 12 13 20 24 27 32 39
