100
7 1 4 5 8 13 15 19
6 2 7 10 12 14 20
7 3 6 9 11 16 17 18
