203
6 3 10 11 25 34 40
8 6 8 15 17 22 23 31 37
10 5 7 12 14 16 18 24 26 30 35
9 2 4 9 19 21 29 33 36 38
6 1 13 20 27 32 39
