216
8 2 5 9 12 24 26 30 35
8 4 14 17 19 21 23 29 40
10 6 7 11 13 15 18 22 27 31 39
7 8 20 32 33 36 37 38
