168
9 1 9 11 18 20 26 28 30 37
7 6 8 12 22 27 36 38
9 2 5 7 13 15 25 33 34 39
9 3 4 14 19 21 23 29 31 35
1 32
