138
10 4 6 14 18 19 22 23 29 31 35
9 1 3 8 11 21 27 30 36 38
9 2 5 7 13 15 26 33 34 39
1 37
