121
5 5 6 10 15 17
5 2 9 20 26 28
6 4 8 13 19 21 27
6 3 11 14 16 23 29
7 1 7 12 18 22 24 30
0
