165
5 9 18 23 26 28
6 1 4 8 14 20 30
8 5 6 11 13 15 19 21 27
4 7 10 25 29
6 2 3 12 16 22 24
1 17
