86
8 4 6 8 10 13 15 20 29
6 2 9 18 23 26 28
8 3 5 11 14 19 21 24 27
0
