59
8 4 6 8 10 13 15 20 29
8 5 9 12 14 19 21 24 27
0
