89
10 3 5 7 14 19 21 23 29 31 35
10 1 6 8 11 18 22 27 30 36 38
3 2 16 32
