86
7 2 3 11 16 18 23 29
9 4 6 8 10 13 15 20 24 27
2 22 26
