109
8 4 6 8 10 14 18 23 29
5 2 9 20 26 28
7 3 5 11 13 19 21 27
7 1 7 12 15 22 24 30
0
