437
22 5 10 12 17 19 24 26 28 33 36 39 41 44 54 57 61 64 65 70 74 76 79
17 4 6 8 15 21 23 31 38 42 50 55 59 67 69 73 75 77
20 1 3 9 11 13 18 20 22 25 27 29 37 45 48 53 58 60 62 68 78
0
